// Jest Snapshot v1, https://goo.gl/fbAQLP

exports[`renders correctly and unchange so far 1`] = `
<div
  className="ant-card ant-card-bordered"
  style={
    Object {
      "height": "100%",
      "width": "100%",
    }
  }
>
  <div
    className="ant-card-head"
    style={Object {}}
  >
    <div
      className="ant-card-head-wrapper"
    >
      <div
        className="ant-card-head-title"
      >
        User
      </div>
    </div>
  </div>
  <div
    className="ant-card-body"
    style={Object {}}
  >
    <div
      className="ant-row"
    >
      <div
        className="ant-col-6"
      >
        <h4>
          Address
        </h4>
      </div>
      <div
        className="ant-col-18"
      >
        <p>
          n/a
        </p>
      </div>
    </div>
    <div
      className="ant-row"
    >
      <div
        className="ant-col-6"
      >
        <h4>
          Member ID
        </h4>
      </div>
      <div
        className="ant-col-18"
      >
        <p>
          n/a
        </p>
      </div>
    </div>
    <div
      className="ant-row"
    >
      <div
        className="ant-col-6"
      >
        <h4>
          Date of birth
        </h4>
      </div>
      <div
        className="ant-col-18"
      >
        <p>
          n/a
        </p>
      </div>
    </div>
    <div
      className="ant-row"
    >
      <div
        className="ant-col-6"
      >
        <h4>
          Gender
        </h4>
      </div>
      <div
        className="ant-col-18"
      >
        <p>
          n/a
        </p>
      </div>
    </div>
    <div
      className="ant-row"
    >
      <div
        className="ant-col-6"
      >
        <h4>
          Reference
        </h4>
      </div>
      <div
        className="ant-col-18"
      >
        <p>
          n/a
        </p>
      </div>
    </div>
    <div
      className="ant-row"
    >
      <div
        className="ant-col-6"
      >
        <h4>
          Entity
        </h4>
      </div>
      <div
        className="ant-col-18"
      >
        <p>
          n/a
        </p>
      </div>
    </div>
    <div
      className="ant-row"
    >
      <div
        className="ant-col-6"
      >
        <h4>
          Zip code
        </h4>
      </div>
      <div
        className="ant-col-18"
      >
        <p>
          n/a
        </p>
      </div>
    </div>
    <h3>
      Date time periods
    </h3>
    <div
      className="ant-table-wrapper"
    >
      <div
        className="ant-spin-nested-loading"
        style={null}
      >
        <div
          className="ant-spin-container"
        >
          <div
            className="ant-table ant-table-default ant-table-empty ant-table-scroll-position-left"
            style={Object {}}
          >
            <div
              className="ant-table-content"
            >
              <div
                className="ant-table-body"
                onScroll={[Function]}
                onWheel={[Function]}
                style={Object {}}
              >
                <table
                  className=""
                  style={Object {}}
                >
                  <colgroup>
                    <col
                      style={
                        Object {
                          "minWidth": undefined,
                          "width": undefined,
                        }
                      }
                    />
                    <col
                      style={
                        Object {
                          "minWidth": undefined,
                          "width": undefined,
                        }
                      }
                    />
                  </colgroup>
                  <thead
                    className="ant-table-thead"
                  >
                    <tr
                      style={
                        Object {
                          "height": null,
                        }
                      }
                    >
                      <th
                        className=""
                      >
                        <div
                          onClick={[Function]}
                        >
                          Date
                        </div>
                      </th>
                      <th
                        className=""
                      >
                        <div
                          onClick={[Function]}
                        >
                          Qualifier
                        </div>
                      </th>
                    </tr>
                  </thead>
                  <tbody
                    className="ant-table-tbody"
                  />
                </table>
              </div>
              <div
                className="ant-table-placeholder"
              >
                No data
              </div>
            </div>
          </div>
        </div>
      </div>
    </div>
  </div>
</div>
`;
